
 RUN  v4.1.0 C:/Projet_David/GM-OS-v5

 ✓ src/modules/session/logic/crossDomainHelpers.test.ts (3 tests) 6ms
 ❯ src/modules/session/logic/DeckInterpreter.test.ts (6 tests | 1 failed) 9ms
       ✓ should return correct portrait poker ratio 1ms
       ✓ should return correct landscape poker ratio 0ms
       ✓ should return correct tarot ratio 0ms
       × should create a shuffled array of indices 5ms
       ✓ should draw the first card and return the rest 1ms
       ✓ should return null if no cards left 0ms
 ✓ src/modules/session/ObsidianExportService.test.ts (3 tests) 15ms
 ✓ src/modules/session/hooks/useRuleEngine.test.ts (5 tests) 18ms
 ✓ src/modules/session/hooks/useCampaignEditor.test.ts (4 tests) 17ms
 ✓ src/modules/session/hooks/useCharacterEditor.test.ts (4 tests) 18ms
 ✓ src/modules/session/store/entitySlice.test.ts (5 tests) 4ms
 ✓ src/modules/session/logic/socialNexusUtils.test.ts (7 tests) 4ms

⎯⎯⎯⎯⎯⎯⎯ Failed Tests 1 ⎯⎯⎯⎯⎯⎯⎯

 FAIL  src/modules/session/logic/DeckInterpreter.test.ts > DeckInterpreter > initializeIndices > should create a shuffled array of indices
AssertionError: expected [] to have a length of 54 but got +0

[32m- Expected[39m
[31m+ Received[39m

[32m- 54[39m
[31m+ 0[39m

 ❯ src/modules/session/logic/DeckInterpreter.test.ts:22:29
     20|         it('should create a shuffled array of indices', () => {
     21|             const indices = DeckInterpreter.initializeIndices(54);
     22|             expect(indices).toHaveLength(54);
       |                             ^
     23|             expect(indices).toContain(1);
     24|             expect(indices).toContain(54);

⎯⎯⎯⎯⎯⎯⎯⎯⎯⎯⎯⎯⎯⎯⎯⎯⎯⎯⎯⎯⎯⎯⎯⎯[1/1]⎯


 Test Files  1 failed | 7 passed (8)
      Tests  1 failed | 36 passed (37)
   Start at  20:20:53
   Duration  1.98s (transform 751ms, setup 1.52s, import 2.15s, tests 90ms, environment 5.92s)

