
[1m[46m RUN [49m[22m [36mv4.1.0 [39m[90mC:/Projet_David/GM-OS-v5[39m

[90mstdout[2m | src/modules/sound/SoundEngine.test.ts[2m > [22m[2mSoundEngine[2m > [22m[2mshould load audio from media store for m- ids
[22m[39m[SoundEngine] Loaded m-123 for pad pad-1

[90mstdout[2m | src/modules/sound/SoundEngine.test.ts[2m > [22m[2mSoundEngine[2m > [22m[2mshould play a loaded buffer
[22m[39m[SoundEngine] Loaded m-123 for pad pad-1

[90mstdout[2m | src/modules/sound/SoundEngine.test.ts[2m > [22m[2mSoundEngine[2m > [22m[2mshould stop playback for a pad
[22m[39m[SoundEngine] Loaded m-123 for pad pad-1

[90mstdout[2m | src/modules/sound/SoundEngine.test.ts[2m > [22m[2mSoundEngine[2m > [22m[2mshould attempt to set output device if supported
[22m[39m[SoundEngine] Output device changed to device-123

 [31mÔØ»[39m src/modules/sound/SoundEngine.test.ts [2m([22m[2m7 tests[22m[2m | [22m[31m2 failed[39m[2m)[22m[32m 9[2mms[22m[39m
[31m     [31m├ù[31m should initialize with an AudioContext and master gain[39m[32m 3[2mms[22m[39m
     [32mÔ£ô[39m should format URLs correctly[32m 0[2mms[22m[39m
     [32mÔ£ô[39m should load audio from media store for m- ids[32m 1[2mms[22m[39m
[31m     [31m├ù[31m should play a loaded buffer[39m[32m 1[2mms[22m[39m
     [32mÔ£ô[39m should stop playback for a pad[32m 0[2mms[22m[39m
     [32mÔ£ô[39m should handle master volume changes[32m 1[2mms[22m[39m
     [32mÔ£ô[39m should attempt to set output device if supported[32m 0[2mms[22m[39m
node.exe : 
Au caractère Ligne:1 : 
1
+ & "C:\Program 
Files\nodejs/node.exe" 
"C:\Users\david\AppData
\Roaming\ ...
+ ~~~~~~~~~~~~~~~~~~~~~
~~~~~~~~~~~~~~~~~~~~~~~
~~~~~~~~~~~~~~~~~~~~~~~
~~
    + CategoryInfo     
         : NotSpecifi  
  ed: (:String) [],    
 RemoteException
    + FullyQualifiedEr 
   rorId : NativeComm  
  andError
 
[31mÔÄ»ÔÄ»ÔÄ»ÔÄ»ÔÄ»ÔÄ»
ÔÄ»[39m[1m[41m 
Failed Tests 2 [49m[2
2m[31mÔÄ»ÔÄ»ÔÄ»ÔÄ»ÔÄ»Ô
Ä»ÔÄ»[39m

[41m[1m FAIL 
[22m[49m src/modules/
sound/SoundEngine.test.
ts[2m > 
[22mSoundEngine[2m > 
[22mshould initialize 
with an AudioContext 
and master gain
[31m[1mAssertionError
[22m: expected 
"vi.fn()" to be called 
at least once[39m
[36m [2mÔØ»[22m src/
modules/sound/SoundEngi
ne.test.ts:[2m26:43[2
2m[39m
    [90m 24|[39m     
    [34mexpect[39m(en
gine[33m.[39mcontext)
[33m.[39m[34mtoBeDef
ined[39m()[33m;[39m
    [90m 25|[39m     
    [34mexpect[39m(en
gine[33m.[39mmasterGa
in)[33m.[39m[34mtoBe
Defined[39m()[33m;[3
9m
    [90m 26|[39m     
    [34mexpect[39m(en
gine[33m.[39mcontext
[33m.[39mcreateGain)[
33m.[39m[34mtoHaveBee
nCalled[39m()[33m;[3
9m
    [90m   |[39m     
                       
               
[31m^[39m
    [90m 27|[39m     
})[33m;[39m
    [90m 28|[39m

[31m[2mÔÄ»ÔÄ»ÔÄ»ÔÄ»ÔÄ
»ÔÄ»ÔÄ»ÔÄ»ÔÄ»ÔÄ»ÔÄ»ÔÄ»Ô
Ä»ÔÄ»ÔÄ»ÔÄ»ÔÄ»ÔÄ»ÔÄ»ÔÄ»
ÔÄ»ÔÄ»ÔÄ»ÔÄ»[1/2]ÔÄ»[2
2m[39m

[41m[1m FAIL 
[22m[49m src/modules/
sound/SoundEngine.test.
ts[2m > 
[22mSoundEngine[2m > 
[22mshould play a 
loaded buffer
[31m[1mTypeError[22m
: Cannot read 
properties of 
undefined (reading 
'value')[39m
[36m [2mÔØ»[22m src/
modules/sound/SoundEngi
ne.test.ts:[2m54:77[2
2m[39m
    [90m 52|[39m
    [90m 53|[39m     
    const sourceMock = 
vi.mocked(engine.contex
t.createBufferSourceÔÇª
    [90m 54|[39m     
    const gainMock = vi
.mocked(engine.context.
createGain).mock.resÔÇª
    [90m   |[39m     
                       
                       
                       
   [31m^[39m
    [90m 55|[39m
    [90m 56|[39m     
    [34mexpect[39m(so
urceMock[33m.[39mstar
t)[33m.[39m[34mtoHav
eBeenCalledWith[39m([
34m0[39m)[33m;[39m

[31m[2mÔÄ»ÔÄ»ÔÄ»ÔÄ»ÔÄ
»ÔÄ»ÔÄ»ÔÄ»ÔÄ»ÔÄ»ÔÄ»ÔÄ»Ô
Ä»ÔÄ»ÔÄ»ÔÄ»ÔÄ»ÔÄ»ÔÄ»ÔÄ»
ÔÄ»ÔÄ»ÔÄ»ÔÄ»[2/2]ÔÄ»[2
2m[39m


[2m Test Files [22m [1m[31m1 failed[39m[22m[90m (1)[39m
[2m      Tests [22m [1m[31m2 failed[39m[22m[2m | [22m[1m[32m5 passed[39m[22m[90m (7)[39m
[2m   Start at [22m 23:44:04
[2m   Duration [22m 821ms[2m (transform 45ms, setup 134ms, import 27ms, tests 9ms, environment 510ms)[22m

